peggy
carmen
shawn
johnny
marco
marco
autumn
dominick
adelaide
mildred
diana
michael
michael
michael
bobby
brian
brian
demetrius
tammy
thomas
tracie
tracie
kathy
kathy
lynn
kevin
michele
phyllis
donald
donald
donald
donald
donald
donald
kenny
charity
charity
charity
charity
daniel
matthew
matthew
candice
floyd
floyd
robert
robert
tammi
jody
larry
susan
susan
elsie
charlie
charlie
ronda
hugh
hugh
hugh
nancy
nancy
roxanne
lazaro
lazaro
clara
leland
luigi
melissa
melissa
melissa
luigi
luigi
percy
julissa
julissa
julissa
julissa
julissa
delores
luigi
kyle
kyle
mary
melina
marion
kyle
kyle
kyle
loren
norma
bernice
elna
tina
louise
teresa
teresa
denise
tara
tara
tara
bradley
valencia
mitchel
bradley
louis
louis
louis
louis
louis
cherry
cherry
cherry
juan
juan
wilbur
wilbur
benjamin
wilbur
annie
ana
sandra
kelvin
kelvin
ronald
ronald
cora
michelle
yesenia
katie
katie
katie
frank
frank
monica
greg
tracy
greg
maxwell
judy
darrell
viola
viola
zachary
ryan
lonnie
gregoria
gregoria
alton
diane
lawrence
ava
albina
albina
philip
diane
joan
lynnette
lynnette
evan
reggie
reggie
laura
laura
laura
roberta
roberta
preston
felicia
roberta
deborah
maria
eleanor
faye
pansy
nathaniel
nathaniel
nathaniel
karyn
karyn
karyn
bessie
bessie
bessie
bessie
marguerite
marguerite
marguerite
bessie
joey
joey
joey
paula
mike
sue
brandon
bonita
dustin
dustin
lottie
maurice
maurice
aurelia
aurelia
aurelia
vivian
marie
curtis
twanna
twanna
charlotte
harriet
lillian
lillian
lillian
lillian
lillian
lowell
harris
harris
