carla
toni
jerry
mary
john
john
faye
faye
faye
frances
frances
faye
faye
allen
cliff
jeanette
jeanette
latricia
latricia
latricia
curtis
justin
justin
justin
justin
justin
justin
marlene
marlene
marlene
marlene
marlene
jason
jason
jason
jason
kristen
timothy
timothy
timothy
kelly
lisa
lillian
lisa
lisa
lisa
grace
grace
grace
grace
grace
sandra
tad
tad
cynthia
cynthia
cynthia
cynthia
cynthia
cynthia
cynthia
cynthia
cynthia
mark
mark
marilyn
ramon
ramon
delbert
delbert
edward
luz
luz
dolores
michelle
dolores
allen
allen
allen
allen
allen
allen
domonique
domonique
david
barbra
david
teresa
charles
rodolfo
cassandra
cassandra
cassandra
cassandra
cassandra
rodolfo
jessie
bruce
bruce
billy
billy
guy
eugene
johnathan
august
jim
ervin
sheryl
sheryl
lu
lu
tamara
tamara
stacy
stacy
troy
troy
danny
janine
jean
brittany
brittany
marla
beverly
beverly
rosendo
daniel
connie
connie
juanita
osvaldo
osvaldo
osvaldo
erik
erik
erik
theodore
theodore
theodore
kathryn
damon
damon
leonie
dottie
fernando
sarah
bette
connie
susie
susie
harvey
gertrude
gertrude
gertrude
gertrude
gertrude
erin
erin
erin
erin
jonathan
whitney
samantha
samantha
whitney
whitney
jimmie
jimmie
geri
jimmie
greg
jimmie
jimmie
cecil
amanda
brianna
mitchell
mitchell
amanda
ebony
ebony
calvin
glenda
kristin
kristin
dwight
larisa
larisa
larisa
shawn
shawn
kami
kami
venita
danial
danial
venita
venita
venita
darlene
carlton
carlton
carlton
carlton
constance
bob
bob
bob
bob
bob
marc
marc
