brandy
alfonso
karla
karla
thomas
julia
nadia
antonina
freddie
freddie
jaime
jaime
neil
bertha
charles
kristine
angela
clarice
micheal
micheal
micheal
micheal
micheal
micheal
arnoldo
arnoldo
arnoldo
lynne
steven
steven
hattie
elliott
tari
eugene
rex
rex
windy
debra
debra
peter
gene
kathy
chris
sal
trevor
trevor
elizabeth
peggy
peggy
peggy
peggy
peggy
sally
nina
nina
kenneth
philip
philip
philip
donte
donte
donte
donte
donte
violet
georgie
myron
tanya
carolyn
carolyn
irma
irma
darcie
terrence
terrence
carol
carol
connie
douglas
elinor
elinor
elinor
sean
norma
louise
tommie
penny
grace
misty
tiffani
billie
tracey
eunice
clayton
erika
erika
eunice
nan
nan
esperanza
dorine
geoffrey
geoffrey
tyra
valarie
