jacqui emmye deena jennette dorolisa nevsa sunny philomena cate dorene norris oliy norma carolyne
kathryne cecelia mirella cacilia hilde mariann adrienne jacquette alturing friedman latisha othelia ashley meara
claus hana selena josefa katina shanie kameko aggi donni nielson sharai neda lonna sharia helenka susanetta gratia hedwig margarete dara margarita ina denise perle cristen valli
johnny
marci nona megen jerry rachmaninoff frederique vanny alyss carlee betsey winona daphna cindie wynn jeanie

jacqui emmye deena jennette dorolisa nevsa sunny philomena cate dorene norris oliy norma carolyne
kathryne cecelia mirella cacilia hilde mariann adrienne jacquette alturing friedman latisha othelia ashley meara
claus hana selena josefa katina shanie kameko aggi donni nielson sharai neda lonna sharia helenka susanetta gratia hedwig margarete dara margarita ina denise perle cristen valli
johnny
marci nona megen jerry rachmaninoff frederique vanny alyss carlee betsey winona daphna cindie wynn jeanie