jacqui emmye norma norris erinna oliy sunny dorolisa carolyne dorene philomena cate jennette deena
friedman othelia ashley adrienne cecelia alturing hilde mirella mariann kathryne latisha malynda jacquette meara
aggi kameko lonna hana shanie hedwig sharai josefa claus katina gratia helenka donni nielson cristen sharia selena margarete margarita eadie ina perle neda valli ava
vanny alyss megen daphna marci frederique winona wynn cindie carlee betsey rachmaninoff jerry

jacqui emmye norris erinna dorolisa carolyne
othelia ashley adrienne malynda jacquette
aggi kameko hana shanie sharai josefa katina helenka nielson margarita ina perle neda valli
vanny megen winona cindie
norma oliy sunny dorene philomena cate jennette deena
friedman cecelia alturing hilde mirella mariann kathryne latisha meara
lonna hedwig claus gratia donni cristen sharia selena margarete eadie ava
alyss daphna marci frederique wynn carlee betsey rachmaninoff jerry