norris jacqui oliy deena norma erinna
susanetta katina aggi perle lonna sharia dara shanie eadie hedwig gratia selena cristen valli hana oralia donni nielson kameko denise neda ava maisie sharai ina margarete helenka josefa margarita claus
johnny
jeanie megen betsey frederique wynn winona vanny marci nona cindie daphna alyss brina carlee jerry rachmaninoff

norris jacqui oliy deena norma erinna
susanetta katina aggi perle lonna sharia dara shanie eadie hedwig gratia selena cristen valli hana oralia donni nielson kameko denise neda ava maisie sharai ina margarete helenka josefa margarita claus
johnny
jeanie megen betsey frederique wynn winona vanny marci nona cindie daphna alyss brina carlee jerry rachmaninoff


norris jacqui oliy deena norma erinna emmye philomena dorene cate nevsa jennette carolyne sunny
ashley mirella malynda adrienne
susanetta katina aggi perle lonna sharia dara shanie eadie hedwig gratia selena cristen valli hana oralia donni nielson kameko denise neda ava maisie sharai ina margarete helenka josefa margarita claus
johnny
jeanie megen betsey frederique wynn winona vanny marci nona cindie daphna alyss brina carlee jerry rachmaninoff

norris jacqui oliy deena norma erinna emmye philomena dorene cate nevsa jennette carolyne sunny
ashley mirella malynda adrienne latisha cacilia mariann friedman hilde cecelia jacquette meara kathryne alturing othelia
susanetta katina aggi perle lonna sharia dara shanie eadie hedwig gratia selena cristen valli hana oralia donni nielson kameko denise neda ava maisie sharai ina margarete helenka josefa margarita claus
johnny
jeanie megen betsey frederique wynn winona vanny marci nona cindie daphna alyss brina carlee jerry rachmaninoff

False

norris jacqui erinna emmye carolyne
ashley malynda adrienne cacilia jacquette othelia
katina aggi perle shanie valli hana oralia nielson kameko denise neda sharai ina helenka josefa margarita
jeanie megen winona vanny cindie
oliy deena norma philomena dorene cate jennette sunny nevsa
mirella latisha mariann friedman hilde cecelia meara kathryne alturing
susanetta lonna sharia dara eadie hedwig gratia selena cristen donni ava maisie margarete claus
johnny
betsey frederique wynn marci nona daphna alyss brina carlee jerry rachmaninoff

betsey frederique wynn marci nona daphna alyss brina carlee jerry rachmaninoff

jeanie megen winona vanny cindie